PREPARE ADD .autoreg
PREPARE ADD AccessibleMarshal.dll
PREPARE ADD browserconfig.properties
PREPARE ADD chrome/browser.jar
PREPARE ADD chrome/browser.manifest
PREPARE ADD chrome/classic.jar
PREPARE ADD chrome/classic.manifest
PREPARE ADD chrome/comm.jar
PREPARE ADD chrome/comm.manifest
PREPARE ADD chrome/en-US.jar
PREPARE ADD chrome/en-US.manifest
PREPARE ADD chrome/pippki.jar
PREPARE ADD chrome/pippki.manifest
PREPARE ADD chrome/reporter.jar
PREPARE ADD chrome/reporter.manifest
PREPARE ADD chrome/toolkit.jar
PREPARE ADD chrome/toolkit.manifest
PREPARE ADD components/browser.xpt
PREPARE ADD components/jar50.dll
PREPARE ADD components/jsconsole-clhandler.js
PREPARE ADD components/jsd3250.dll
PREPARE ADD components/nsBrowserContentHandler.js
PREPARE ADD components/nsBrowserGlue.js
PREPARE ADD components/nsCloseAllWindows.js
PREPARE ADD components/nsDictionary.js
PREPARE ADD components/nsExtensionManager.js
PREPARE ADD components/nsHelperAppDlg.js
PREPARE ADD components/nsPostUpdateWin.js
PREPARE ADD components/nsProxyAutoConfig.js
PREPARE ADD components/nsSetDefaultBrowser.js
PREPARE ADD components/nsSidebar.js
PREPARE ADD components/nsUpdateService.js
PREPARE ADD components/nsXmlRpcClient.js
PREPARE ADD components/xpinstal.dll
PREPARE ADD defaults/autoconfig/platform.js
PREPARE ADD defaults/autoconfig/prefcalls.js
PREPARE ADD defaults/pref/firefox-l10n.js
PREPARE ADD defaults/pref/firefox.js
PREPARE ADD defaults/pref/reporter.js
PREPARE ADD defaults/profile/bookmarks.html
PREPARE ADD defaults/profile/chrome/userChrome-example.css
PREPARE ADD defaults/profile/chrome/userContent-example.css
PREPARE ADD defaults/profile/localstore.rdf
PREPARE ADD defaults/profile/mimeTypes.rdf
PREPARE ADD defaults/profile/prefs.js
PREPARE ADD defaults/profile/search.rdf
PREPARE ADD extensions/inspector@mozilla.org/chrome/icons/default/winInspectorMain.ico
PREPARE ADD extensions/inspector@mozilla.org/chrome/inspector.jar
PREPARE ADD extensions/inspector@mozilla.org/chrome.manifest
PREPARE ADD extensions/inspector@mozilla.org/components/inspector-cmdline.js
PREPARE ADD extensions/inspector@mozilla.org/components/inspector.dll
PREPARE ADD extensions/inspector@mozilla.org/components/inspector.xpt
PREPARE ADD extensions/inspector@mozilla.org/defaults/preferences/inspector.js
PREPARE ADD extensions/inspector@mozilla.org/install.rdf
PREPARE ADD extensions/{972ce4c6-7e08-4474-a285-3208198ce6fd}/install.rdf
PREPARE ADD firefox.exe
PREPARE ADD freebl3.chk
PREPARE ADD freebl3.dll
PREPARE ADD greprefs/all.js
PREPARE ADD greprefs/security-prefs.js
PREPARE ADD greprefs/xpinstall.js
PREPARE ADD js3250.dll
PREPARE ADD LICENSE
PREPARE ADD nspr4.dll
PREPARE ADD nss3.dll
PREPARE ADD nssckbi.dll
PREPARE ADD plc4.dll
PREPARE ADD plds4.dll
PREPARE ADD plugins/npnul32.dll
PREPARE ADD readme.txt
PREPARE ADD removed-files
PREPARE ADD res/arrow.gif
PREPARE ADD res/arrowd.gif
PREPARE ADD res/broken-image.gif
PREPARE ADD res/charsetalias.properties
PREPARE ADD res/charsetData.properties
PREPARE ADD res/cmessage.txt
PREPARE ADD res/dtd/mathml.dtd
PREPARE ADD res/dtd/xhtml11.dtd
PREPARE ADD res/EditorOverride.css
PREPARE ADD res/entityTables/html40Latin1.properties
PREPARE ADD res/entityTables/html40Special.properties
PREPARE ADD res/entityTables/html40Symbols.properties
PREPARE ADD res/entityTables/htmlEntityVersions.properties
PREPARE ADD res/entityTables/mathml20.properties
PREPARE ADD res/entityTables/transliterate.properties
PREPARE ADD res/fonts/fontEncoding.properties
PREPARE ADD res/fonts/fontNameMap.properties
PREPARE ADD res/fonts/mathfont.properties
PREPARE ADD res/fonts/mathfontCMEX10.properties
PREPARE ADD res/fonts/mathfontCMSY10.properties
PREPARE ADD res/fonts/mathfontMath1.properties
PREPARE ADD res/fonts/mathfontMath2.properties
PREPARE ADD res/fonts/mathfontMath4.properties
PREPARE ADD res/fonts/mathfontMTExtra.properties
PREPARE ADD res/fonts/mathfontPUA.properties
PREPARE ADD res/fonts/mathfontSymbol.properties
PREPARE ADD res/forms.css
PREPARE ADD res/grabber.gif
PREPARE ADD res/hiddenWindow.html
PREPARE ADD res/html/gopher-audio.gif
PREPARE ADD res/html/gopher-binary.gif
PREPARE ADD res/html/gopher-find.gif
PREPARE ADD res/html/gopher-image.gif
PREPARE ADD res/html/gopher-menu.gif
PREPARE ADD res/html/gopher-movie.gif
PREPARE ADD res/html/gopher-sound.gif
PREPARE ADD res/html/gopher-telnet.gif
PREPARE ADD res/html/gopher-text.gif
PREPARE ADD res/html/gopher-unknown.gif
PREPARE ADD res/html.css
PREPARE ADD res/langGroups.properties
PREPARE ADD res/language.properties
PREPARE ADD res/loading-image.gif
PREPARE ADD res/mathml.css
PREPARE ADD res/quirk.css
PREPARE ADD res/svg.css
PREPARE ADD res/table-add-column-after-active.gif
PREPARE ADD res/table-add-column-after-hover.gif
PREPARE ADD res/table-add-column-after.gif
PREPARE ADD res/table-add-column-before-active.gif
PREPARE ADD res/table-add-column-before-hover.gif
PREPARE ADD res/table-add-column-before.gif
PREPARE ADD res/table-add-row-after-active.gif
PREPARE ADD res/table-add-row-after-hover.gif
PREPARE ADD res/table-add-row-after.gif
PREPARE ADD res/table-add-row-before-active.gif
PREPARE ADD res/table-add-row-before-hover.gif
PREPARE ADD res/table-add-row-before.gif
PREPARE ADD res/table-remove-column-active.gif
PREPARE ADD res/table-remove-column-hover.gif
PREPARE ADD res/table-remove-column.gif
PREPARE ADD res/table-remove-row-active.gif
PREPARE ADD res/table-remove-row-hover.gif
PREPARE ADD res/table-remove-row.gif
PREPARE ADD res/ua.css
PREPARE ADD res/viewsource.css
PREPARE ADD res/wincharset.properties
PREPARE ADD searchplugins/amazondotcom.png
PREPARE ADD searchplugins/amazondotcom.src
PREPARE ADD searchplugins/answers.png
PREPARE ADD searchplugins/answers.src
PREPARE ADD searchplugins/creativecommons.png
PREPARE ADD searchplugins/creativecommons.src
PREPARE ADD searchplugins/eBay.gif
PREPARE ADD searchplugins/eBay.src
PREPARE ADD searchplugins/google.gif
PREPARE ADD searchplugins/google.src
PREPARE ADD searchplugins/yahoo.gif
PREPARE ADD searchplugins/yahoo.src
PREPARE ADD smime3.dll
PREPARE ADD softokn3.chk
PREPARE ADD softokn3.dll
PREPARE ADD ssl3.dll
PREPARE ADD uninstall/uninstall.exe
PREPARE ADD uninstall/uninstall.ini
PREPARE ADD updater.exe
PREPARE ADD updater.ini
PREPARE ADD xpcom.dll
PREPARE ADD xpcom_compat.dll
PREPARE ADD xpcom_core.dll
PREPARE ADD xpicleanup.exe
PREPARE ADD xpistub.dll
PREPARE REMOVE chrome/US.jar
file cannot be removed because it does not exist; skipping
PREPARE REMOVE chrome/en-win.jar
file cannot be removed because it does not exist; skipping
PREPARE REMOVE chrome/help.jar
file cannot be removed because it does not exist; skipping
PREPARE REMOVE chrome/chrome.rdf
file cannot be removed because it does not exist; skipping
PREPARE REMOVE chrome/installed-chrome.txt
PREPARE REMOVE chrome/app-chrome.manifest
PREPARE REMOVE chrome/m3ffxtbr.manifest
file cannot be removed because it does not exist; skipping
PREPARE REMOVE chrome/m3ffxtbr.jar
file cannot be removed because it does not exist; skipping
PREPARE REMOVE defaults/pref/all.js
file cannot be removed because it does not exist; skipping
PREPARE REMOVE defaults/pref/security-prefs.js
file cannot be removed because it does not exist; skipping
PREPARE REMOVE defaults/pref/winpref.js
file cannot be removed because it does not exist; skipping
PREPARE REMOVE defaults/pref/xpinstall.js
file cannot be removed because it does not exist; skipping
PREPARE REMOVE defaults/pref/bug307259.js
file cannot be removed because it does not exist; skipping
PREPARE REMOVE defaults/pref/bug259708.js
file cannot be removed because it does not exist; skipping
PREPARE REMOVE defaults/pref/firefox-branding.js
file cannot be removed because it does not exist; skipping
PREPARE REMOVE defaults/profile/extensions/{972ce4c6-7e08-4474-a285-3208198ce6fd}/install.rdf
file cannot be removed because it does not exist; skipping
PREPARE REMOVE defaults/profile/extensions/Extensions.rdf
file cannot be removed because it does not exist; skipping
PREPARE REMOVE defaults/profile/extensions/installed-extensions.txt
file cannot be removed because it does not exist; skipping
PREPARE REMOVE extensions/{641d8d09-7dda-4850-8228-ac0ab65e2ac9}/install.rdf
file cannot be removed because it does not exist; skipping
PREPARE REMOVE searchplugins/dictionary.src
file cannot be removed because it does not exist; skipping
PREPARE REMOVE searchplugins/dictionary.png
file cannot be removed because it does not exist; skipping
PREPARE REMOVE searchplugins/tr-tdk.src
file cannot be removed because it does not exist; skipping
PREPARE REMOVE searchplugins/tr-tdk.png
file cannot be removed because it does not exist; skipping
PREPARE REMOVE components/component.reg
file cannot be removed because it does not exist; skipping
PREPARE REMOVE components/compreg.dat
PREPARE REMOVE components/xpti.dat
PREPARE REMOVE components/xptitemp.dat
file cannot be removed because it does not exist; skipping
PREPARE REMOVE components/nsBackgroundUpdateService.js
file cannot be removed because it does not exist; skipping
PREPARE REMOVE components/autocomplete.xpt
file cannot be removed because it does not exist; skipping
PREPARE REMOVE zlib.dll
file cannot be removed because it does not exist; skipping
PREPARE REMOVE components/BrandRes.dll
file cannot be removed because it does not exist; skipping
PREPARE REMOVE components/FeedConverter.js
file cannot be removed because it does not exist; skipping
PREPARE REMOVE components/FeedProcessor.js
file cannot be removed because it does not exist; skipping
PREPARE REMOVE components/FeedWriter.js
file cannot be removed because it does not exist; skipping
PREPARE REMOVE components/WebContentConverter.js
file cannot be removed because it does not exist; skipping
PREPARE REMOVE components/myspell.dll
file cannot be removed because it does not exist; skipping
PREPARE REMOVE components/nsBookmarkTransactionManager.js
file cannot be removed because it does not exist; skipping
PREPARE REMOVE components/nsMicrosummaryService.js
file cannot be removed because it does not exist; skipping
PREPARE REMOVE components/nsSafebrowsingApplication.js
file cannot be removed because it does not exist; skipping
PREPARE REMOVE components/nsSearchService.js
file cannot be removed because it does not exist; skipping
PREPARE REMOVE components/nsSearchSuggestions.js
file cannot be removed because it does not exist; skipping
PREPARE REMOVE components/nsSessionStartup.js
file cannot be removed because it does not exist; skipping
PREPARE REMOVE components/nsSessionStore.js
file cannot be removed because it does not exist; skipping
PREPARE REMOVE components/nsURLFormatter.js
file cannot be removed because it does not exist; skipping
PREPARE REMOVE components/nsUrlClassifierLib.js
file cannot be removed because it does not exist; skipping
PREPARE REMOVE components/nsUrlClassifierListManager.js
file cannot be removed because it does not exist; skipping
PREPARE REMOVE components/nsUrlClassifierTable.js
file cannot be removed because it does not exist; skipping
PREPARE REMOVE components/spellchk.dll
file cannot be removed because it does not exist; skipping
PREPARE REMOVE components/fullsoft.dll
file cannot be removed because it does not exist; skipping
PREPARE REMOVE components/master.ini
file cannot be removed because it does not exist; skipping
PREPARE REMOVE components/qfaservices.dll
file cannot be removed because it does not exist; skipping
PREPARE REMOVE components/qfaservices.xpt
file cannot be removed because it does not exist; skipping
PREPARE REMOVE components/talkback-l10n.ini
file cannot be removed because it does not exist; skipping
PREPARE REMOVE components/talkback.cnt
file cannot be removed because it does not exist; skipping
PREPARE REMOVE components/talkback.exe
file cannot be removed because it does not exist; skipping
PREPARE REMOVE components/talkback.hlp
file cannot be removed because it does not exist; skipping
PREPARE REMOVE components/libqfaservices.so
file cannot be removed because it does not exist; skipping
PREPARE REMOVE components/talkback/master.ini
file cannot be removed because it does not exist; skipping
PREPARE REMOVE components/talkback/talkback
file cannot be removed because it does not exist; skipping
PREPARE REMOVE components/talkback/talkback.so
file cannot be removed because it does not exist; skipping
PREPARE REMOVE components/talkback/XTalkback.ad
file cannot be removed because it does not exist; skipping
PREPARE REMOVE extensions/reporter@mozilla.org/install.rdf
file cannot be removed because it does not exist; skipping
PREPARE REMOVE extensions/reporter@mozilla.org/chrome.manifest
file cannot be removed because it does not exist; skipping
PREPARE REMOVE extensions/reporter@mozilla.org/chrome/reporter.jar
file cannot be removed because it does not exist; skipping
PREPARE REMOVE extensions/reporter@mozilla.org/defaults/preferences/reporter.js
file cannot be removed because it does not exist; skipping
PREPARE REMOVE old-homepage-default.properties
file cannot be removed because it does not exist; skipping
PREPARE REMOVE uninstall/UninstallFirefox.exe
file cannot be removed because it does not exist; skipping
PREPARE REMOVE uninstall/UninstallDeerPark.exe
file cannot be removed because it does not exist; skipping
PREPARE REMOVE uninstall/helper.exe
file cannot be removed because it does not exist; skipping
PREPARE REMOVE uninstall/uninst.exe
file cannot be removed because it does not exist; skipping
PREPARE REMOVE Microsoft.VC80.CRT.manifest
file cannot be removed because it does not exist; skipping
PREPARE REMOVE msvcm80.dll
file cannot be removed because it does not exist; skipping
PREPARE REMOVE msvcp80.dll
file cannot be removed because it does not exist; skipping
PREPARE REMOVE msvcr80.dll
file cannot be removed because it does not exist; skipping
EXECUTE ADD .autoreg
EXECUTE ADD AccessibleMarshal.dll
EXECUTE ADD browserconfig.properties
EXECUTE ADD chrome/browser.jar
EXECUTE ADD chrome/browser.manifest
EXECUTE ADD chrome/classic.jar
EXECUTE ADD chrome/classic.manifest
EXECUTE ADD chrome/comm.jar
EXECUTE ADD chrome/comm.manifest
EXECUTE ADD chrome/en-US.jar
EXECUTE ADD chrome/en-US.manifest
EXECUTE ADD chrome/pippki.jar
EXECUTE ADD chrome/pippki.manifest
EXECUTE ADD chrome/reporter.jar
EXECUTE ADD chrome/reporter.manifest
EXECUTE ADD chrome/toolkit.jar
EXECUTE ADD chrome/toolkit.manifest
EXECUTE ADD components/browser.xpt
EXECUTE ADD components/jar50.dll
EXECUTE ADD components/jsconsole-clhandler.js
EXECUTE ADD components/jsd3250.dll
EXECUTE ADD components/nsBrowserContentHandler.js
EXECUTE ADD components/nsBrowserGlue.js
EXECUTE ADD components/nsCloseAllWindows.js
EXECUTE ADD components/nsDictionary.js
EXECUTE ADD components/nsExtensionManager.js
EXECUTE ADD components/nsHelperAppDlg.js
EXECUTE ADD components/nsPostUpdateWin.js
EXECUTE ADD components/nsProxyAutoConfig.js
EXECUTE ADD components/nsSetDefaultBrowser.js
EXECUTE ADD components/nsSidebar.js
EXECUTE ADD components/nsUpdateService.js
EXECUTE ADD components/nsXmlRpcClient.js
EXECUTE ADD components/xpinstal.dll
EXECUTE ADD defaults/autoconfig/platform.js
EXECUTE ADD defaults/autoconfig/prefcalls.js
EXECUTE ADD defaults/pref/firefox-l10n.js
EXECUTE ADD defaults/pref/firefox.js
EXECUTE ADD defaults/pref/reporter.js
EXECUTE ADD defaults/profile/bookmarks.html
EXECUTE ADD defaults/profile/chrome/userChrome-example.css
EXECUTE ADD defaults/profile/chrome/userContent-example.css
EXECUTE ADD defaults/profile/localstore.rdf
EXECUTE ADD defaults/profile/mimeTypes.rdf
EXECUTE ADD defaults/profile/prefs.js
EXECUTE ADD defaults/profile/search.rdf
EXECUTE ADD extensions/inspector@mozilla.org/chrome/icons/default/winInspectorMain.ico
EXECUTE ADD extensions/inspector@mozilla.org/chrome/inspector.jar
EXECUTE ADD extensions/inspector@mozilla.org/chrome.manifest
EXECUTE ADD extensions/inspector@mozilla.org/components/inspector-cmdline.js
EXECUTE ADD extensions/inspector@mozilla.org/components/inspector.dll
EXECUTE ADD extensions/inspector@mozilla.org/components/inspector.xpt
EXECUTE ADD extensions/inspector@mozilla.org/defaults/preferences/inspector.js
EXECUTE ADD extensions/inspector@mozilla.org/install.rdf
EXECUTE ADD extensions/{972ce4c6-7e08-4474-a285-3208198ce6fd}/install.rdf
EXECUTE ADD firefox.exe
EXECUTE ADD freebl3.chk
EXECUTE ADD freebl3.dll
EXECUTE ADD greprefs/all.js
EXECUTE ADD greprefs/security-prefs.js
EXECUTE ADD greprefs/xpinstall.js
EXECUTE ADD js3250.dll
EXECUTE ADD LICENSE
EXECUTE ADD nspr4.dll
EXECUTE ADD nss3.dll
EXECUTE ADD nssckbi.dll
EXECUTE ADD plc4.dll
EXECUTE ADD plds4.dll
EXECUTE ADD plugins/npnul32.dll
EXECUTE ADD readme.txt
EXECUTE ADD removed-files
EXECUTE ADD res/arrow.gif
EXECUTE ADD res/arrowd.gif
EXECUTE ADD res/broken-image.gif
EXECUTE ADD res/charsetalias.properties
EXECUTE ADD res/charsetData.properties
EXECUTE ADD res/cmessage.txt
EXECUTE ADD res/dtd/mathml.dtd
EXECUTE ADD res/dtd/xhtml11.dtd
EXECUTE ADD res/EditorOverride.css
EXECUTE ADD res/entityTables/html40Latin1.properties
EXECUTE ADD res/entityTables/html40Special.properties
EXECUTE ADD res/entityTables/html40Symbols.properties
EXECUTE ADD res/entityTables/htmlEntityVersions.properties
EXECUTE ADD res/entityTables/mathml20.properties
EXECUTE ADD res/entityTables/transliterate.properties
EXECUTE ADD res/fonts/fontEncoding.properties
EXECUTE ADD res/fonts/fontNameMap.properties
EXECUTE ADD res/fonts/mathfont.properties
EXECUTE ADD res/fonts/mathfontCMEX10.properties
EXECUTE ADD res/fonts/mathfontCMSY10.properties
EXECUTE ADD res/fonts/mathfontMath1.properties
EXECUTE ADD res/fonts/mathfontMath2.properties
EXECUTE ADD res/fonts/mathfontMath4.properties
EXECUTE ADD res/fonts/mathfontMTExtra.properties
EXECUTE ADD res/fonts/mathfontPUA.properties
EXECUTE ADD res/fonts/mathfontSymbol.properties
EXECUTE ADD res/forms.css
EXECUTE ADD res/grabber.gif
EXECUTE ADD res/hiddenWindow.html
EXECUTE ADD res/html/gopher-audio.gif
EXECUTE ADD res/html/gopher-binary.gif
EXECUTE ADD res/html/gopher-find.gif
EXECUTE ADD res/html/gopher-image.gif
EXECUTE ADD res/html/gopher-menu.gif
EXECUTE ADD res/html/gopher-movie.gif
EXECUTE ADD res/html/gopher-sound.gif
EXECUTE ADD res/html/gopher-telnet.gif
EXECUTE ADD res/html/gopher-text.gif
EXECUTE ADD res/html/gopher-unknown.gif
EXECUTE ADD res/html.css
EXECUTE ADD res/langGroups.properties
EXECUTE ADD res/language.properties
EXECUTE ADD res/loading-image.gif
EXECUTE ADD res/mathml.css
EXECUTE ADD res/quirk.css
EXECUTE ADD res/svg.css
EXECUTE ADD res/table-add-column-after-active.gif
EXECUTE ADD res/table-add-column-after-hover.gif
EXECUTE ADD res/table-add-column-after.gif
EXECUTE ADD res/table-add-column-before-active.gif
EXECUTE ADD res/table-add-column-before-hover.gif
EXECUTE ADD res/table-add-column-before.gif
EXECUTE ADD res/table-add-row-after-active.gif
EXECUTE ADD res/table-add-row-after-hover.gif
EXECUTE ADD res/table-add-row-after.gif
EXECUTE ADD res/table-add-row-before-active.gif
EXECUTE ADD res/table-add-row-before-hover.gif
EXECUTE ADD res/table-add-row-before.gif
EXECUTE ADD res/table-remove-column-active.gif
EXECUTE ADD res/table-remove-column-hover.gif
EXECUTE ADD res/table-remove-column.gif
EXECUTE ADD res/table-remove-row-active.gif
EXECUTE ADD res/table-remove-row-hover.gif
EXECUTE ADD res/table-remove-row.gif
EXECUTE ADD res/ua.css
EXECUTE ADD res/viewsource.css
EXECUTE ADD res/wincharset.properties
EXECUTE ADD searchplugins/amazondotcom.png
EXECUTE ADD searchplugins/amazondotcom.src
EXECUTE ADD searchplugins/answers.png
EXECUTE ADD searchplugins/answers.src
EXECUTE ADD searchplugins/creativecommons.png
EXECUTE ADD searchplugins/creativecommons.src
EXECUTE ADD searchplugins/eBay.gif
EXECUTE ADD searchplugins/eBay.src
EXECUTE ADD searchplugins/google.gif
EXECUTE ADD searchplugins/google.src
EXECUTE ADD searchplugins/yahoo.gif
EXECUTE ADD searchplugins/yahoo.src
EXECUTE ADD smime3.dll
EXECUTE ADD softokn3.chk
EXECUTE ADD softokn3.dll
EXECUTE ADD ssl3.dll
EXECUTE ADD uninstall/uninstall.exe
EXECUTE ADD uninstall/uninstall.ini
EXECUTE ADD updater.exe
EXECUTE ADD updater.ini
EXECUTE ADD xpcom.dll
EXECUTE ADD xpcom_compat.dll
EXECUTE ADD xpcom_core.dll
EXECUTE ADD xpicleanup.exe
EXECUTE ADD xpistub.dll
EXECUTE REMOVE chrome/US.jar
EXECUTE REMOVE chrome/en-win.jar
EXECUTE REMOVE chrome/help.jar
EXECUTE REMOVE chrome/chrome.rdf
EXECUTE REMOVE chrome/installed-chrome.txt
EXECUTE REMOVE chrome/app-chrome.manifest
EXECUTE REMOVE chrome/m3ffxtbr.manifest
EXECUTE REMOVE chrome/m3ffxtbr.jar
EXECUTE REMOVE defaults/pref/all.js
EXECUTE REMOVE defaults/pref/security-prefs.js
EXECUTE REMOVE defaults/pref/winpref.js
EXECUTE REMOVE defaults/pref/xpinstall.js
EXECUTE REMOVE defaults/pref/bug307259.js
EXECUTE REMOVE defaults/pref/bug259708.js
EXECUTE REMOVE defaults/pref/firefox-branding.js
EXECUTE REMOVE defaults/profile/extensions/{972ce4c6-7e08-4474-a285-3208198ce6fd}/install.rdf
EXECUTE REMOVE defaults/profile/extensions/Extensions.rdf
EXECUTE REMOVE defaults/profile/extensions/installed-extensions.txt
EXECUTE REMOVE extensions/{641d8d09-7dda-4850-8228-ac0ab65e2ac9}/install.rdf
EXECUTE REMOVE searchplugins/dictionary.src
EXECUTE REMOVE searchplugins/dictionary.png
EXECUTE REMOVE searchplugins/tr-tdk.src
EXECUTE REMOVE searchplugins/tr-tdk.png
EXECUTE REMOVE components/component.reg
EXECUTE REMOVE components/compreg.dat
EXECUTE REMOVE components/xpti.dat
EXECUTE REMOVE components/xptitemp.dat
EXECUTE REMOVE components/nsBackgroundUpdateService.js
EXECUTE REMOVE components/autocomplete.xpt
EXECUTE REMOVE zlib.dll
EXECUTE REMOVE components/BrandRes.dll
EXECUTE REMOVE components/FeedConverter.js
EXECUTE REMOVE components/FeedProcessor.js
EXECUTE REMOVE components/FeedWriter.js
EXECUTE REMOVE components/WebContentConverter.js
EXECUTE REMOVE components/myspell.dll
EXECUTE REMOVE components/nsBookmarkTransactionManager.js
EXECUTE REMOVE components/nsMicrosummaryService.js
EXECUTE REMOVE components/nsSafebrowsingApplication.js
EXECUTE REMOVE components/nsSearchService.js
EXECUTE REMOVE components/nsSearchSuggestions.js
EXECUTE REMOVE components/nsSessionStartup.js
EXECUTE REMOVE components/nsSessionStore.js
EXECUTE REMOVE components/nsURLFormatter.js
EXECUTE REMOVE components/nsUrlClassifierLib.js
EXECUTE REMOVE components/nsUrlClassifierListManager.js
EXECUTE REMOVE components/nsUrlClassifierTable.js
EXECUTE REMOVE components/spellchk.dll
EXECUTE REMOVE components/fullsoft.dll
EXECUTE REMOVE components/master.ini
EXECUTE REMOVE components/qfaservices.dll
EXECUTE REMOVE components/qfaservices.xpt
EXECUTE REMOVE components/talkback-l10n.ini
EXECUTE REMOVE components/talkback.cnt
EXECUTE REMOVE components/talkback.exe
EXECUTE REMOVE components/talkback.hlp
EXECUTE REMOVE components/libqfaservices.so
EXECUTE REMOVE components/talkback/master.ini
EXECUTE REMOVE components/talkback/talkback
EXECUTE REMOVE components/talkback/talkback.so
EXECUTE REMOVE components/talkback/XTalkback.ad
EXECUTE REMOVE extensions/reporter@mozilla.org/install.rdf
EXECUTE REMOVE extensions/reporter@mozilla.org/chrome.manifest
EXECUTE REMOVE extensions/reporter@mozilla.org/chrome/reporter.jar
EXECUTE REMOVE extensions/reporter@mozilla.org/defaults/preferences/reporter.js
EXECUTE REMOVE old-homepage-default.properties
EXECUTE REMOVE uninstall/UninstallFirefox.exe
EXECUTE REMOVE uninstall/UninstallDeerPark.exe
EXECUTE REMOVE uninstall/helper.exe
EXECUTE REMOVE uninstall/uninst.exe
EXECUTE REMOVE Microsoft.VC80.CRT.manifest
EXECUTE REMOVE msvcm80.dll
EXECUTE REMOVE msvcp80.dll
EXECUTE REMOVE msvcr80.dll
FINISH ADD .autoreg
FINISH ADD AccessibleMarshal.dll
FINISH ADD browserconfig.properties
FINISH ADD chrome/browser.jar
FINISH ADD chrome/browser.manifest
FINISH ADD chrome/classic.jar
FINISH ADD chrome/classic.manifest
FINISH ADD chrome/comm.jar
FINISH ADD chrome/comm.manifest
FINISH ADD chrome/en-US.jar
FINISH ADD chrome/en-US.manifest
FINISH ADD chrome/pippki.jar
FINISH ADD chrome/pippki.manifest
FINISH ADD chrome/reporter.jar
FINISH ADD chrome/reporter.manifest
FINISH ADD chrome/toolkit.jar
FINISH ADD chrome/toolkit.manifest
FINISH ADD components/browser.xpt
FINISH ADD components/jar50.dll
FINISH ADD components/jsconsole-clhandler.js
FINISH ADD components/jsd3250.dll
FINISH ADD components/nsBrowserContentHandler.js
FINISH ADD components/nsBrowserGlue.js
FINISH ADD components/nsCloseAllWindows.js
FINISH ADD components/nsDictionary.js
FINISH ADD components/nsExtensionManager.js
FINISH ADD components/nsHelperAppDlg.js
FINISH ADD components/nsPostUpdateWin.js
FINISH ADD components/nsProxyAutoConfig.js
FINISH ADD components/nsSetDefaultBrowser.js
FINISH ADD components/nsSidebar.js
FINISH ADD components/nsUpdateService.js
FINISH ADD components/nsXmlRpcClient.js
FINISH ADD components/xpinstal.dll
FINISH ADD defaults/autoconfig/platform.js
FINISH ADD defaults/autoconfig/prefcalls.js
FINISH ADD defaults/pref/firefox-l10n.js
FINISH ADD defaults/pref/firefox.js
FINISH ADD defaults/pref/reporter.js
FINISH ADD defaults/profile/bookmarks.html
FINISH ADD defaults/profile/chrome/userChrome-example.css
FINISH ADD defaults/profile/chrome/userContent-example.css
FINISH ADD defaults/profile/localstore.rdf
FINISH ADD defaults/profile/mimeTypes.rdf
FINISH ADD defaults/profile/prefs.js
FINISH ADD defaults/profile/search.rdf
FINISH ADD extensions/inspector@mozilla.org/chrome/icons/default/winInspectorMain.ico
FINISH ADD extensions/inspector@mozilla.org/chrome/inspector.jar
FINISH ADD extensions/inspector@mozilla.org/chrome.manifest
FINISH ADD extensions/inspector@mozilla.org/components/inspector-cmdline.js
FINISH ADD extensions/inspector@mozilla.org/components/inspector.dll
FINISH ADD extensions/inspector@mozilla.org/components/inspector.xpt
FINISH ADD extensions/inspector@mozilla.org/defaults/preferences/inspector.js
FINISH ADD extensions/inspector@mozilla.org/install.rdf
FINISH ADD extensions/{972ce4c6-7e08-4474-a285-3208198ce6fd}/install.rdf
FINISH ADD firefox.exe
FINISH ADD freebl3.chk
FINISH ADD freebl3.dll
FINISH ADD greprefs/all.js
FINISH ADD greprefs/security-prefs.js
FINISH ADD greprefs/xpinstall.js
FINISH ADD js3250.dll
FINISH ADD LICENSE
FINISH ADD nspr4.dll
FINISH ADD nss3.dll
FINISH ADD nssckbi.dll
FINISH ADD plc4.dll
FINISH ADD plds4.dll
FINISH ADD plugins/npnul32.dll
FINISH ADD readme.txt
FINISH ADD removed-files
FINISH ADD res/arrow.gif
FINISH ADD res/arrowd.gif
FINISH ADD res/broken-image.gif
FINISH ADD res/charsetalias.properties
FINISH ADD res/charsetData.properties
FINISH ADD res/cmessage.txt
FINISH ADD res/dtd/mathml.dtd
FINISH ADD res/dtd/xhtml11.dtd
FINISH ADD res/EditorOverride.css
FINISH ADD res/entityTables/html40Latin1.properties
FINISH ADD res/entityTables/html40Special.properties
FINISH ADD res/entityTables/html40Symbols.properties
FINISH ADD res/entityTables/htmlEntityVersions.properties
FINISH ADD res/entityTables/mathml20.properties
FINISH ADD res/entityTables/transliterate.properties
FINISH ADD res/fonts/fontEncoding.properties
FINISH ADD res/fonts/fontNameMap.properties
FINISH ADD res/fonts/mathfont.properties
FINISH ADD res/fonts/mathfontCMEX10.properties
FINISH ADD res/fonts/mathfontCMSY10.properties
FINISH ADD res/fonts/mathfontMath1.properties
FINISH ADD res/fonts/mathfontMath2.properties
FINISH ADD res/fonts/mathfontMath4.properties
FINISH ADD res/fonts/mathfontMTExtra.properties
FINISH ADD res/fonts/mathfontPUA.properties
FINISH ADD res/fonts/mathfontSymbol.properties
FINISH ADD res/forms.css
FINISH ADD res/grabber.gif
FINISH ADD res/hiddenWindow.html
FINISH ADD res/html/gopher-audio.gif
FINISH ADD res/html/gopher-binary.gif
FINISH ADD res/html/gopher-find.gif
FINISH ADD res/html/gopher-image.gif
FINISH ADD res/html/gopher-menu.gif
FINISH ADD res/html/gopher-movie.gif
FINISH ADD res/html/gopher-sound.gif
FINISH ADD res/html/gopher-telnet.gif
FINISH ADD res/html/gopher-text.gif
FINISH ADD res/html/gopher-unknown.gif
FINISH ADD res/html.css
FINISH ADD res/langGroups.properties
FINISH ADD res/language.properties
FINISH ADD res/loading-image.gif
FINISH ADD res/mathml.css
FINISH ADD res/quirk.css
FINISH ADD res/svg.css
FINISH ADD res/table-add-column-after-active.gif
FINISH ADD res/table-add-column-after-hover.gif
FINISH ADD res/table-add-column-after.gif
FINISH ADD res/table-add-column-before-active.gif
FINISH ADD res/table-add-column-before-hover.gif
FINISH ADD res/table-add-column-before.gif
FINISH ADD res/table-add-row-after-active.gif
FINISH ADD res/table-add-row-after-hover.gif
FINISH ADD res/table-add-row-after.gif
FINISH ADD res/table-add-row-before-active.gif
FINISH ADD res/table-add-row-before-hover.gif
FINISH ADD res/table-add-row-before.gif
FINISH ADD res/table-remove-column-active.gif
FINISH ADD res/table-remove-column-hover.gif
FINISH ADD res/table-remove-column.gif
FINISH ADD res/table-remove-row-active.gif
FINISH ADD res/table-remove-row-hover.gif
FINISH ADD res/table-remove-row.gif
FINISH ADD res/ua.css
FINISH ADD res/viewsource.css
FINISH ADD res/wincharset.properties
FINISH ADD searchplugins/amazondotcom.png
FINISH ADD searchplugins/amazondotcom.src
FINISH ADD searchplugins/answers.png
FINISH ADD searchplugins/answers.src
FINISH ADD searchplugins/creativecommons.png
FINISH ADD searchplugins/creativecommons.src
FINISH ADD searchplugins/eBay.gif
FINISH ADD searchplugins/eBay.src
FINISH ADD searchplugins/google.gif
FINISH ADD searchplugins/google.src
FINISH ADD searchplugins/yahoo.gif
FINISH ADD searchplugins/yahoo.src
FINISH ADD smime3.dll
FINISH ADD softokn3.chk
FINISH ADD softokn3.dll
FINISH ADD ssl3.dll
FINISH ADD uninstall/uninstall.exe
FINISH ADD uninstall/uninstall.ini
FINISH ADD updater.exe
FINISH ADD updater.ini
FINISH ADD xpcom.dll
FINISH ADD xpcom_compat.dll
FINISH ADD xpcom_core.dll
FINISH ADD xpicleanup.exe
FINISH ADD xpistub.dll
FINISH REMOVE chrome/US.jar
FINISH REMOVE chrome/en-win.jar
FINISH REMOVE chrome/help.jar
FINISH REMOVE chrome/chrome.rdf
FINISH REMOVE chrome/installed-chrome.txt
FINISH REMOVE chrome/app-chrome.manifest
FINISH REMOVE chrome/m3ffxtbr.manifest
FINISH REMOVE chrome/m3ffxtbr.jar
FINISH REMOVE defaults/pref/all.js
FINISH REMOVE defaults/pref/security-prefs.js
FINISH REMOVE defaults/pref/winpref.js
FINISH REMOVE defaults/pref/xpinstall.js
FINISH REMOVE defaults/pref/bug307259.js
FINISH REMOVE defaults/pref/bug259708.js
FINISH REMOVE defaults/pref/firefox-branding.js
FINISH REMOVE defaults/profile/extensions/{972ce4c6-7e08-4474-a285-3208198ce6fd}/install.rdf
FINISH REMOVE defaults/profile/extensions/Extensions.rdf
FINISH REMOVE defaults/profile/extensions/installed-extensions.txt
FINISH REMOVE extensions/{641d8d09-7dda-4850-8228-ac0ab65e2ac9}/install.rdf
FINISH REMOVE searchplugins/dictionary.src
FINISH REMOVE searchplugins/dictionary.png
FINISH REMOVE searchplugins/tr-tdk.src
FINISH REMOVE searchplugins/tr-tdk.png
FINISH REMOVE components/component.reg
FINISH REMOVE components/compreg.dat
FINISH REMOVE components/xpti.dat
FINISH REMOVE components/xptitemp.dat
FINISH REMOVE components/nsBackgroundUpdateService.js
FINISH REMOVE components/autocomplete.xpt
FINISH REMOVE zlib.dll
FINISH REMOVE components/BrandRes.dll
FINISH REMOVE components/FeedConverter.js
FINISH REMOVE components/FeedProcessor.js
FINISH REMOVE components/FeedWriter.js
FINISH REMOVE components/WebContentConverter.js
FINISH REMOVE components/myspell.dll
FINISH REMOVE components/nsBookmarkTransactionManager.js
FINISH REMOVE components/nsMicrosummaryService.js
FINISH REMOVE components/nsSafebrowsingApplication.js
FINISH REMOVE components/nsSearchService.js
FINISH REMOVE components/nsSearchSuggestions.js
FINISH REMOVE components/nsSessionStartup.js
FINISH REMOVE components/nsSessionStore.js
FINISH REMOVE components/nsURLFormatter.js
FINISH REMOVE components/nsUrlClassifierLib.js
FINISH REMOVE components/nsUrlClassifierListManager.js
FINISH REMOVE components/nsUrlClassifierTable.js
FINISH REMOVE components/spellchk.dll
FINISH REMOVE components/fullsoft.dll
FINISH REMOVE components/master.ini
FINISH REMOVE components/qfaservices.dll
FINISH REMOVE components/qfaservices.xpt
FINISH REMOVE components/talkback-l10n.ini
FINISH REMOVE components/talkback.cnt
FINISH REMOVE components/talkback.exe
FINISH REMOVE components/talkback.hlp
FINISH REMOVE components/libqfaservices.so
FINISH REMOVE components/talkback/master.ini
FINISH REMOVE components/talkback/talkback
FINISH REMOVE components/talkback/talkback.so
FINISH REMOVE components/talkback/XTalkback.ad
FINISH REMOVE extensions/reporter@mozilla.org/install.rdf
FINISH REMOVE extensions/reporter@mozilla.org/chrome.manifest
FINISH REMOVE extensions/reporter@mozilla.org/chrome/reporter.jar
FINISH REMOVE extensions/reporter@mozilla.org/defaults/preferences/reporter.js
FINISH REMOVE old-homepage-default.properties
FINISH REMOVE uninstall/UninstallFirefox.exe
FINISH REMOVE uninstall/UninstallDeerPark.exe
FINISH REMOVE uninstall/helper.exe
FINISH REMOVE uninstall/uninst.exe
FINISH REMOVE Microsoft.VC80.CRT.manifest
FINISH REMOVE msvcm80.dll
FINISH REMOVE msvcp80.dll
FINISH REMOVE msvcr80.dll
succeeded
calling QuitProgressUI
