-------------------------------------------------------------------------------
file:///D:/AungKhant/CD-Burn/H4CK3r5_June07/H4ck_T00l5/Hacking/Phase%203%20-%20Penetration/Hacking%20the%20Web/Tools/Firefox%20Extensions/edit_cookies-0.2.2.1-fx.xpi  --  2002-01-01 01:27:56
-------------------------------------------------------------------------------


     Install completed successfully  --  2002-01-01 01:27:57

-------------------------------------------------------------------------------
file:///D:/AungKhant/CD-Burn/H4CK3r5_June07/H4ck_T00l5/Hacking/Phase%203%20-%20Penetration/Hacking%20the%20Web/Tools/Firefox%20Extensions/enigform-0.8.0-fx.xpi  --  2002-01-01 01:28:07
-------------------------------------------------------------------------------


     Install completed successfully  --  2002-01-01 01:28:07

-------------------------------------------------------------------------------
file:///D:/AungKhant/CD-Burn/H4CK3r5_June07/H4ck_T00l5/Hacking/Phase%203%20-%20Penetration/Hacking%20the%20Web/Tools/Firefox%20Extensions/firebug1.0-current.xpi  --  2002-01-01 01:28:29
-------------------------------------------------------------------------------


     Install completed successfully  --  2002-01-01 01:28:30

-------------------------------------------------------------------------------
file:///D:/AungKhant/CD-Burn/H4CK3r5_June07/H4ck_T00l5/Hacking/Phase%203%20-%20Penetration/Hacking%20the%20Web/Tools/Firefox%20Extensions/googlebar_lite-4.5.1-fx.xpi  --  2002-01-01 01:28:36
-------------------------------------------------------------------------------


     Install completed successfully  --  2002-01-01 01:28:37

-------------------------------------------------------------------------------
file:///D:/AungKhant/CD-Burn/H4CK3r5_June07/H4ck_T00l5/Hacking/Phase%203%20-%20Penetration/Hacking%20the%20Web/Tools/Firefox%20Extensions/hackbar-1.1.1-fx.xpi  --  2002-01-01 01:28:46
-------------------------------------------------------------------------------


     Install completed successfully  --  2002-01-01 01:28:47

-------------------------------------------------------------------------------
file:///D:/AungKhant/CD-Burn/H4CK3r5_June07/H4ck_T00l5/Hacking/Phase%203%20-%20Penetration/Hacking%20the%20Web/Tools/Firefox%20Extensions/javascript_debugger-0.9.87-fx+fl+mz+tb.xpi  --  2002-01-01 01:29:04
-------------------------------------------------------------------------------


     Install completed successfully  --  2002-01-01 01:29:04

-------------------------------------------------------------------------------
file:///D:/AungKhant/CD-Burn/H4CK3r5_June07/H4ck_T00l5/Hacking/Phase%203%20-%20Penetration/Hacking%20the%20Web/Tools/Firefox%20Extensions/nftools.xpi  --  2002-01-01 01:29:11
-------------------------------------------------------------------------------


     Install completed successfully  --  2002-01-01 01:29:11

-------------------------------------------------------------------------------
file:///D:/AungKhant/CD-Burn/H4CK3r5_June07/H4ck_T00l5/Hacking/Phase%203%20-%20Penetration/Hacking%20the%20Web/Tools/Firefox%20Extensions/livehttpheaders-0.13.1.xpi  --  2002-01-01 01:29:18
-------------------------------------------------------------------------------


     Install completed successfully  --  2002-01-01 01:29:18

-------------------------------------------------------------------------------
file:///D:/AungKhant/CD-Burn/H4CK3r5_June07/H4ck_T00l5/Hacking/Phase%203%20-%20Penetration/Hacking%20the%20Web/Tools/Firefox%20Extensions/server_spy-0.1.2-fx.xpi  --  2002-01-01 01:30:32
-------------------------------------------------------------------------------


     Install completed successfully  --  2002-01-01 01:30:32

-------------------------------------------------------------------------------
file:///D:/AungKhant/CD-Burn/H4CK3r5_June07/H4ck_T00l5/Hacking/Phase%203%20-%20Penetration/Hacking%20the%20Web/Tools/Firefox%20Extensions/savewithurl-FF10-0.2.4.xpi  --  2002-01-01 01:30:44
-------------------------------------------------------------------------------


     Install completed successfully  --  2002-01-01 01:30:48

-------------------------------------------------------------------------------
file:///D:/AungKhant/CD-Burn/H4CK3r5_June07/H4ck_T00l5/Hacking/Phase%203%20-%20Penetration/Hacking%20the%20Web/Tools/Firefox%20Extensions/selenium-ide-0.8.0.xpi  --  2002-01-01 01:30:55
-------------------------------------------------------------------------------


     Install completed successfully  --  2002-01-01 01:30:56

-------------------------------------------------------------------------------
file:///D:/AungKhant/CD-Burn/H4CK3r5_June07/H4ck_T00l5/Hacking/Phase%203%20-%20Penetration/Hacking%20the%20Web/Tools/Firefox%20Extensions/phproxy___45__inbasic__45_3.0.1g__45_fx.xpi  --  2002-01-01 01:31:16
-------------------------------------------------------------------------------


     Install completed successfully  --  2002-01-01 01:31:16

-------------------------------------------------------------------------------
file:///D:/AungKhant/CD-Burn/H4CK3r5_June07/H4ck_T00l5/Hacking/Phase%203%20-%20Penetration/Hacking%20the%20Web/Tools/Firefox%20Extensions/fire_encrypter-3.0-fx.xpi  --  2002-01-01 01:31:33
-------------------------------------------------------------------------------


     Install completed successfully  --  2002-01-01 01:31:34

-------------------------------------------------------------------------------
file:///D:/AungKhant/CD-Burn/H4CK3r5_June07/H4ck_T00l5/Hacking/Phase%203%20-%20Penetration/Hacking%20the%20Web/Tools/Firefox%20Extensions/informenter-0.4.6-fx.xpi  --  2002-01-01 01:31:45
-------------------------------------------------------------------------------


     Install completed successfully  --  2002-01-01 01:31:46

-------------------------------------------------------------------------------
file:///D:/AungKhant/CD-Burn/H4CK3r5_June07/H4ck_T00l5/Hacking/Phase%203%20-%20Penetration/Hacking%20the%20Web/Tools/Firefox%20Extensions/data_analytics-0.1.7-fx.xpi  --  2002-01-01 01:32:06
-------------------------------------------------------------------------------


     Install completed successfully  --  2002-01-01 01:32:06

-------------------------------------------------------------------------------
file:///D:/AungKhant/CD-Burn/H4CK3r5_June07/H4ck_T00l5/Hacking/Phase%203%20-%20Penetration/Hacking%20the%20Web/Tools/Firefox%20Extensions/sql-1.03-mz.xpi  --  2002-01-01 01:32:14
-------------------------------------------------------------------------------

     SQL Support (version 0.1)
     -----------

     ** initInstall: 0
     ** fProgram: D:\AungKhant\CD-Burn\H4CK3r5_June07\H4ck_T00l5\Hacking\Phase 3 - Penetration\Hacking the Web\Tools\Firefox Portable\Apps\PortableFirefox\firefox\
     ** addDirectory() returned: 0
     [1/6]	Installing: D:\AungKhant\CD-Burn\H4CK3r5_June07\H4ck_T00l5\Hacking\Phase 3 - Penetration\Hacking the Web\Tools\Firefox Portable\Apps\PortableFirefox\firefox\components\sql.xpt
     [2/6]	Installing: D:\AungKhant\CD-Burn\H4CK3r5_June07\H4ck_T00l5\Hacking\Phase 3 - Penetration\Hacking the Web\Tools\Firefox Portable\Apps\PortableFirefox\firefox\components\sqlpgsql.xpt
     [3/6]	Installing: D:\AungKhant\CD-Burn\H4CK3r5_June07\H4ck_T00l5\Hacking\Phase 3 - Penetration\Hacking the Web\Tools\Firefox Portable\Apps\PortableFirefox\firefox\chrome\sql.jar
     [4/6]	Installing: D:\AungKhant\CD-Burn\H4CK3r5_June07\H4ck_T00l5\Hacking\Phase 3 - Penetration\Hacking the Web\Tools\Firefox Portable\Apps\PortableFirefox\firefox\components\sql.dll
     [5/6]	Register Content: jar:resource:/chrome/sql.jar!/content/sql/
     [6/6]	Register Locale: jar:resource:/chrome/sql.jar!/locale/en-US/sql/
     ** performInstall() returned: 0

     Install completed successfully  --  2002-01-01 01:32:14

-------------------------------------------------------------------------------
file:///D:/AungKhant/CD-Burn/H4CK3r5_June07/H4ck_T00l5/Hacking/Phase%203%20-%20Penetration/Hacking%20the%20Web/Tools/Firefox%20Extensions/SuperDragAndGo-0.2.4.xpi  --  2002-01-01 01:32:25
-------------------------------------------------------------------------------


     Install completed successfully  --  2002-01-01 01:32:25

-------------------------------------------------------------------------------
file:///D:/AungKhant/CD-Burn/H4CK3r5_June07/H4ck_T00l5/Hacking/Phase%203%20-%20Penetration/Hacking%20the%20Web/Tools/Firefox%20Extensions/switchproxy_tool-1.4.1-fx+mz+tb.xpi  --  2002-01-01 01:32:32
-------------------------------------------------------------------------------


     Install completed successfully  --  2002-01-01 01:32:32

-------------------------------------------------------------------------------
file:///D:/AungKhant/CD-Burn/H4CK3r5_June07/H4ck_T00l5/Hacking/Phase%203%20-%20Penetration/Hacking%20the%20Web/Tools/Firefox%20Extensions/tamper_data-9.8.1-fx.xpi  --  2002-01-01 01:32:40
-------------------------------------------------------------------------------


     Install completed successfully  --  2002-01-01 01:32:40

-------------------------------------------------------------------------------
file:///D:/AungKhant/CD-Burn/H4CK3r5_June07/H4ck_T00l5/Hacking/Phase%203%20-%20Penetration/Hacking%20the%20Web/Tools/Firefox%20Extensions/webdeveloper_v2.xpi  --  2002-01-01 01:33:02
-------------------------------------------------------------------------------


     Install completed successfully  --  2002-01-01 01:33:02

-------------------------------------------------------------------------------
file:///D:/AungKhant/CD-Burn/H4CK3r5_June07/H4ck_T00l5/Hacking/Phase%203%20-%20Penetration/Hacking%20the%20Web/Tools/Firefox%20Extensions/Technika.xpi  --  2002-01-01 01:33:17
-------------------------------------------------------------------------------


     Install completed successfully  --  2002-01-01 01:33:17

-------------------------------------------------------------------------------
file:///D:/AungKhant/CD-Burn/H4CK3r5_June07/H4ck_T00l5/Hacking/Phase%203%20-%20Penetration/Hacking%20the%20Web/Tools/Firefox%20Extensions/view_formatted_source_format_source_extension_-0.9.4.6-fx.xpi  --  2002-01-01 01:33:35
-------------------------------------------------------------------------------


     Install **FAILED** with error -203  --  2002-01-01 01:33:40

-------------------------------------------------------------------------------
file:///D:/AungKhant/CD-Burn/H4CK3r5_June07/H4ck_T00l5/Hacking/Phase%203%20-%20Penetration/Hacking%20the%20Web/Tools/Firefox%20Extensions/view_source_chart-2.5.02-fx.xpi  --  2002-01-01 01:33:47
-------------------------------------------------------------------------------


     Install completed successfully  --  2002-01-01 01:33:47

-------------------------------------------------------------------------------
file:///D:/aungkhant/cd-burn/H4CK3r5_June07/H4ck_T00l5/Hacking/Phase%203%20-%20Penetration/Hacking%20the%20Web/Tools/Firefox%20Extensions/useragentswitcher.xpi  --  2007-12-05 17:11:08
-------------------------------------------------------------------------------


     Install completed successfully  --  2007-12-05 17:11:08

-------------------------------------------------------------------------------
file:///D:/AungKhant/CD-Burn/H4CK3r5_June07/H4ck_T00l5/Hacking/Phase%203%20-%20Penetration/Hacking%20the%20Web/Tools/Firefox%20Extensions/xssme-0.2.1.xpi  --  2008-01-11 16:26:11
-------------------------------------------------------------------------------


     Install completed successfully  --  2008-01-11 16:26:20

-------------------------------------------------------------------------------
file:///D:/AungKhant/CD-Burn/H4CK3r5_June07/H4ck_T00l5/Hacking/Phase%203%20-%20Penetration/Hacking%20the%20Web/Tools/Firefox%20Extensions/showip-0.8.05-fx+mz.xpi  --  2008-01-11 16:26:38
-------------------------------------------------------------------------------


     Install completed successfully  --  2008-01-11 16:26:38

-------------------------------------------------------------------------------
file:///D:/AungKhant/CD-Burn/H4CK3r5_June07/H4ck_T00l5/Hacking/Phase%203%20-%20Penetration/Hacking%20the%20Web/Tools/Firefox%20Extensions/selenium-ide-0.8.0.xpi  --  2008-01-11 16:26:54
-------------------------------------------------------------------------------


     Install completed successfully  --  2008-01-11 16:26:55

-------------------------------------------------------------------------------
file:///D:/AungKhant/CD-Burn/H4CK3r5_June07/H4ck_T00l5/Hacking/Phase%203%20-%20Penetration/Hacking%20the%20Web/Tools/Firefox%20Extensions/savewithurl-FF10-0.2.4.xpi  --  2008-01-11 16:27:03
-------------------------------------------------------------------------------


     Install completed successfully  --  2008-01-11 16:27:04

-------------------------------------------------------------------------------
file:///D:/AungKhant/CD-Burn/H4CK3r5_June07/H4ck_T00l5/Hacking/Phase%203%20-%20Penetration/Hacking%20the%20Web/Tools/Firefox%20Extensions/nftools.xpi  --  2008-01-11 16:27:10
-------------------------------------------------------------------------------


     Install completed successfully  --  2008-01-11 16:27:11

-------------------------------------------------------------------------------
file:///D:/AungKhant/CD-Burn/H4CK3r5_June07/H4ck_T00l5/Hacking/Phase%203%20-%20Penetration/Hacking%20the%20Web/Tools/Firefox%20Extensions/informenter-0.4.6-fx.xpi  --  2008-01-11 16:27:28
-------------------------------------------------------------------------------


     Install completed successfully  --  2008-01-11 16:27:29

-------------------------------------------------------------------------------
file:///D:/AungKhant/CD-Burn/H4CK3r5_June07/H4ck_T00l5/Hacking/Phase%203%20-%20Penetration/Hacking%20the%20Web/Tools/Firefox%20Extensions/edit_cookies-0.2.2.1-fx.xpi  --  2008-01-11 16:27:39
-------------------------------------------------------------------------------


     Install completed successfully  --  2008-01-11 16:27:39

-------------------------------------------------------------------------------
file:///D:/AungKhant/CD-Burn/H4CK3r5_June07/H4ck_T00l5/Hacking/Phase%203%20-%20Penetration/Hacking%20the%20Web/Tools/Firefox%20Extensions/enigform-0.8.0-fx.xpi  --  2008-01-11 16:27:45
-------------------------------------------------------------------------------


     Install completed successfully  --  2008-01-11 16:27:46

-------------------------------------------------------------------------------
file:///D:/AungKhant/CD-Burn/H4CK3r5_June07/H4ck_T00l5/Hacking/Phase%203%20-%20Penetration/Hacking%20the%20Web/Tools/Firefox%20Extensions/firebug1.0-current.xpi  --  2008-01-11 16:27:53
-------------------------------------------------------------------------------


     Install completed successfully  --  2008-01-11 16:27:54

-------------------------------------------------------------------------------
file:///D:/AungKhant/CD-Burn/H4CK3r5_June07/H4ck_T00l5/Hacking/Phase%203%20-%20Penetration/Hacking%20the%20Web/Tools/Firefox%20Extensions/fire_encrypter-3.0-fx.xpi  --  2008-01-11 16:28:01
-------------------------------------------------------------------------------


     Install completed successfully  --  2008-01-11 16:28:01

-------------------------------------------------------------------------------
file:///D:/AungKhant/CD-Burn/H4CK3r5_June07/H4ck_T00l5/Hacking/Phase%203%20-%20Penetration/Hacking%20the%20Web/Tools/Firefox%20Extensions/greasemonkey-0.6.8.20070314.0-firefox.xpi  --  2008-01-11 16:28:13
-------------------------------------------------------------------------------


     Install completed successfully  --  2008-01-11 16:28:13

-------------------------------------------------------------------------------
file:///D:/AungKhant/CD-Burn/H4CK3r5_June07/H4ck_T00l5/Hacking/Phase%203%20-%20Penetration/Hacking%20the%20Web/Tools/Firefox%20Extensions/javascript_debugger-0.9.87-fx+fl+mz+tb.xpi  --  2008-01-11 16:28:24
-------------------------------------------------------------------------------


     Install completed successfully  --  2008-01-11 16:28:25

-------------------------------------------------------------------------------
file:///D:/AungKhant/CD-Burn/H4CK3r5_June07/H4ck_T00l5/Hacking/Phase%203%20-%20Penetration/Hacking%20the%20Web/Tools/Firefox%20Extensions/open_as_webfolder-0.22-fx+tb-win.xpi  --  2008-01-11 16:28:39
-------------------------------------------------------------------------------


     Install completed successfully  --  2008-01-11 16:28:39

-------------------------------------------------------------------------------
https://addons.cdn.mozilla.net/storage/public-staging/3899/hackbar-1.6.2-fx.xpi  --  2013-05-08 12:50:09
-------------------------------------------------------------------------------


     Install completed successfully  --  2013-05-08 12:50:10

-------------------------------------------------------------------------------
https://addons.cdn.mozilla.net/storage/public-staging/3899/hackbar-1.6.2-fx.xpi  --  2013-05-08 12:50:12
-------------------------------------------------------------------------------


     Install completed successfully  --  2013-05-08 12:50:12

-------------------------------------------------------------------------------
https://addons.cdn.mozilla.net/storage/public-staging/216/javascript_debugger-0.9.87.4-fx+tb+sb+sm.xpi  --  2013-05-08 12:50:12
-------------------------------------------------------------------------------


     Install completed successfully  --  2013-05-08 12:50:12

-------------------------------------------------------------------------------
https://addons.cdn.mozilla.net/storage/public-staging/3829/live_http_headers-0.17-fx+sm.xpi  --  2013-05-08 12:50:12
-------------------------------------------------------------------------------


     Install completed successfully  --  2013-05-08 12:50:12

-------------------------------------------------------------------------------
https://addons.cdn.mozilla.net/storage/public-staging/2036/server_spy-0.1.4-fx.xpi  --  2013-05-08 12:50:12
-------------------------------------------------------------------------------


     Install completed successfully  --  2013-05-08 12:50:13

-------------------------------------------------------------------------------
https://addons.cdn.mozilla.net/storage/public-staging/673/informenter-0.6.3-fx.xpi  --  2013-05-08 12:50:13
-------------------------------------------------------------------------------


     Install completed successfully  --  2013-05-08 12:50:13

-------------------------------------------------------------------------------
https://addons.cdn.mozilla.net/storage/public-staging/137/super_dragandgo-0.2.6-fx.xpi  --  2013-05-08 12:50:13
-------------------------------------------------------------------------------


     Install completed successfully  --  2013-05-08 12:50:13

-------------------------------------------------------------------------------
https://addons.cdn.mozilla.net/storage/public-staging/966/tamper_data-10.0.3-fx.xpi  --  2013-05-08 12:50:13
-------------------------------------------------------------------------------


     Install completed successfully  --  2013-05-08 12:50:13

-------------------------------------------------------------------------------
https://addons.cdn.mozilla.net/storage/public-staging/655/view_source_chart-3.05-fx.xpi  --  2013-05-08 12:50:13
-------------------------------------------------------------------------------


     Install completed successfully  --  2013-05-08 12:50:13

-------------------------------------------------------------------------------
https://addons.cdn.mozilla.net/storage/public-staging/748/greasemonkey-0.8.20100408.6-fx.xpi  --  2013-05-08 12:50:13
-------------------------------------------------------------------------------


     Install completed successfully  --  2013-05-08 12:50:13

-------------------------------------------------------------------------------
https://addons.cdn.mozilla.net/storage/public-staging/540/open_as_webfolder-0.23-fx+tb-win.xpi  --  2013-05-08 12:50:13
-------------------------------------------------------------------------------


     Install completed successfully  --  2013-05-08 12:50:13

-------------------------------------------------------------------------------
https://addons.mozilla.org/downloads/latest/59/addon-59-latest.xpi  --  2013-05-08 12:50:13
-------------------------------------------------------------------------------


     Install completed successfully  --  2013-05-08 12:50:14

